// Jest Snapshot v1, https://goo.gl/fbAQLP

exports[`AddTaskButton component unit tests AddTaskButton should render properly 1`] = `
<div>
  <button
    class="btn btn-primary"
    data-testid="add-task-button"
    type="button"
  >
    Add Task
  </button>
</div>
`;
