// Jest Snapshot v1, https://goo.gl/fbAQLP

exports[`Header component unit tests Header should render properly 1`] = `
<div>
  <header>
    <h2
      class="sc-AxjAm jytQxq"
    >
      Task Manager
    </h2>
  </header>
</div>
`;
